// Jest Snapshot v1, https://goo.gl/fbAQLP

exports[`FavoritesPage renders correctly 1`] = `
<div>
  <Svg />
  <Header
    isAuthorizationRequired={true}
    userData={
      Object {
        "avatarUrl": "img/1.png",
        "email": "Oliver.conner@gmail.com",
        "id": 1,
        "isPro": false,
        "name": "Oliver.conner",
      }
    }
  />
  <main
    className="page__main page__main--favorites"
  >
    <div
      className="page__favorites-container container"
    >
      <section
        className="favorites"
      >
        <h1
          className="favorites__title"
        >
          Saved listing
        </h1>
        <FavoriteList
          favoriteClass={true}
          favorites={
            Object {
              "Amsterdam": Array [
                Object {
                  "bedrooms": 2,
                  "city": Object {
                    "location": Object {
                      "latitude": 51.225402,
                      "longitude": 6.776314,
                      "zoom": 13,
                    },
                    "name": "Amsterdam",
                  },
                  "description": "I am happy to welcome you to my apartment in the city center! Three words: location, cosy and chic!",
                  "goods": Array [
                    "Breakfast",
                    "Washer",
                    "Laptop friendly workspace",
                  ],
                  "host": Object {
                    "avatarUrl": "img/avatar-angelina.jpg",
                    "id": 25,
                    "isPro": true,
                    "name": "Angelina",
                  },
                  "id": 1,
                  "images": Array [
                    "https://es31-server.appspot.com/six-cities/static/hotel/18.jpg",
                    "https://es31-server.appspot.com/six-cities/static/hotel/4.jpg",
                    "https://es31-server.appspot.com/six-cities/static/hotel/12.jpg",
                    "https://es31-server.appspot.com/six-cities/static/hotel/20.jpg",
                    "https://es31-server.appspot.com/six-cities/static/hotel/17.jpg",
                    "https://es31-server.appspot.com/six-cities/static/hotel/15.jpg",
                    "https://es31-server.appspot.com/six-cities/static/hotel/2.jpg",
                    "https://es31-server.appspot.com/six-cities/static/hotel/8.jpg",
                    "https://es31-server.appspot.com/six-cities/static/hotel/5.jpg",
                    "https://es31-server.appspot.com/six-cities/static/hotel/6.jpg",
                    "https://es31-server.appspot.com/six-cities/static/hotel/1.jpg",
                    "https://es31-server.appspot.com/six-cities/static/hotel/7.jpg",
                    "https://es31-server.appspot.com/six-cities/static/hotel/19.jpg",
                    "https://es31-server.appspot.com/six-cities/static/hotel/14.jpg",
                  ],
                  "isFavorite": false,
                  "isPremium": true,
                  "location": Object {
                    "latitude": 51.214402,
                    "longitude": 6.764314000000001,
                    "zoom": 16,
                  },
                  "maxAdults": 8,
                  "previewImage": "https://es31-server.appspot.com/six-cities/static/hotel/1.jpg",
                  "price": 393,
                  "rating": 2.7,
                  "title": "Waterfront with extraordinary view",
                  "type": "hotel",
                },
                Object {
                  "bedrooms": 2,
                  "city": Object {
                    "location": Object {
                      "latitude": 51.225402,
                      "longitude": 6.776314,
                      "zoom": 13,
                    },
                    "name": "Amsterdam",
                  },
                  "description": "I am happy to welcome you to my apartment in the city center! Three words: location, cosy and chic!",
                  "goods": Array [
                    "Breakfast",
                    "Washer",
                    "Laptop friendly workspace",
                  ],
                  "host": Object {
                    "avatarUrl": "img/avatar-angelina.jpg",
                    "id": 25,
                    "isPro": true,
                    "name": "Angelina",
                  },
                  "id": 3,
                  "images": Array [
                    "https://es31-server.appspot.com/six-cities/static/hotel/18.jpg",
                    "https://es31-server.appspot.com/six-cities/static/hotel/4.jpg",
                    "https://es31-server.appspot.com/six-cities/static/hotel/12.jpg",
                    "https://es31-server.appspot.com/six-cities/static/hotel/20.jpg",
                    "https://es31-server.appspot.com/six-cities/static/hotel/17.jpg",
                    "https://es31-server.appspot.com/six-cities/static/hotel/15.jpg",
                    "https://es31-server.appspot.com/six-cities/static/hotel/2.jpg",
                    "https://es31-server.appspot.com/six-cities/static/hotel/8.jpg",
                    "https://es31-server.appspot.com/six-cities/static/hotel/5.jpg",
                    "https://es31-server.appspot.com/six-cities/static/hotel/6.jpg",
                    "https://es31-server.appspot.com/six-cities/static/hotel/1.jpg",
                    "https://es31-server.appspot.com/six-cities/static/hotel/7.jpg",
                    "https://es31-server.appspot.com/six-cities/static/hotel/19.jpg",
                    "https://es31-server.appspot.com/six-cities/static/hotel/14.jpg",
                  ],
                  "isFavorite": false,
                  "isPremium": true,
                  "location": Object {
                    "latitude": 51.214402,
                    "longitude": 6.764314000000001,
                    "zoom": 16,
                  },
                  "maxAdults": 8,
                  "previewImage": "https://es31-server.appspot.com/six-cities/static/hotel/1.jpg",
                  "price": 393,
                  "rating": 2.7,
                  "title": "Waterfront with extraordinary view",
                  "type": "hotel",
                },
              ],
              "Colone": Array [
                Object {
                  "bedrooms": 2,
                  "city": Object {
                    "location": Object {
                      "latitude": 51.225402,
                      "longitude": 6.776314,
                      "zoom": 13,
                    },
                    "name": "Amsterdam",
                  },
                  "description": "I am happy to welcome you to my apartment in the city center! Three words: location, cosy and chic!",
                  "goods": Array [
                    "Breakfast",
                    "Washer",
                    "Laptop friendly workspace",
                  ],
                  "host": Object {
                    "avatarUrl": "img/avatar-angelina.jpg",
                    "id": 25,
                    "isPro": true,
                    "name": "Angelina",
                  },
                  "id": 1,
                  "images": Array [
                    "https://es31-server.appspot.com/six-cities/static/hotel/18.jpg",
                    "https://es31-server.appspot.com/six-cities/static/hotel/4.jpg",
                    "https://es31-server.appspot.com/six-cities/static/hotel/12.jpg",
                    "https://es31-server.appspot.com/six-cities/static/hotel/20.jpg",
                    "https://es31-server.appspot.com/six-cities/static/hotel/17.jpg",
                    "https://es31-server.appspot.com/six-cities/static/hotel/15.jpg",
                    "https://es31-server.appspot.com/six-cities/static/hotel/2.jpg",
                    "https://es31-server.appspot.com/six-cities/static/hotel/8.jpg",
                    "https://es31-server.appspot.com/six-cities/static/hotel/5.jpg",
                    "https://es31-server.appspot.com/six-cities/static/hotel/6.jpg",
                    "https://es31-server.appspot.com/six-cities/static/hotel/1.jpg",
                    "https://es31-server.appspot.com/six-cities/static/hotel/7.jpg",
                    "https://es31-server.appspot.com/six-cities/static/hotel/19.jpg",
                    "https://es31-server.appspot.com/six-cities/static/hotel/14.jpg",
                  ],
                  "isFavorite": false,
                  "isPremium": true,
                  "location": Object {
                    "latitude": 51.214402,
                    "longitude": 6.764314000000001,
                    "zoom": 16,
                  },
                  "maxAdults": 8,
                  "previewImage": "https://es31-server.appspot.com/six-cities/static/hotel/1.jpg",
                  "price": 393,
                  "rating": 2.7,
                  "title": "Waterfront with extraordinary view",
                  "type": "hotel",
                },
                Object {
                  "bedrooms": 2,
                  "city": Object {
                    "location": Object {
                      "latitude": 51.225402,
                      "longitude": 6.776314,
                      "zoom": 13,
                    },
                    "name": "Amsterdam",
                  },
                  "description": "I am happy to welcome you to my apartment in the city center! Three words: location, cosy and chic!",
                  "goods": Array [
                    "Breakfast",
                    "Washer",
                    "Laptop friendly workspace",
                  ],
                  "host": Object {
                    "avatarUrl": "img/avatar-angelina.jpg",
                    "id": 25,
                    "isPro": true,
                    "name": "Angelina",
                  },
                  "id": 3,
                  "images": Array [
                    "https://es31-server.appspot.com/six-cities/static/hotel/18.jpg",
                    "https://es31-server.appspot.com/six-cities/static/hotel/4.jpg",
                    "https://es31-server.appspot.com/six-cities/static/hotel/12.jpg",
                    "https://es31-server.appspot.com/six-cities/static/hotel/20.jpg",
                    "https://es31-server.appspot.com/six-cities/static/hotel/17.jpg",
                    "https://es31-server.appspot.com/six-cities/static/hotel/15.jpg",
                    "https://es31-server.appspot.com/six-cities/static/hotel/2.jpg",
                    "https://es31-server.appspot.com/six-cities/static/hotel/8.jpg",
                    "https://es31-server.appspot.com/six-cities/static/hotel/5.jpg",
                    "https://es31-server.appspot.com/six-cities/static/hotel/6.jpg",
                    "https://es31-server.appspot.com/six-cities/static/hotel/1.jpg",
                    "https://es31-server.appspot.com/six-cities/static/hotel/7.jpg",
                    "https://es31-server.appspot.com/six-cities/static/hotel/19.jpg",
                    "https://es31-server.appspot.com/six-cities/static/hotel/14.jpg",
                  ],
                  "isFavorite": false,
                  "isPremium": true,
                  "location": Object {
                    "latitude": 51.214402,
                    "longitude": 6.764314000000001,
                    "zoom": 16,
                  },
                  "maxAdults": 8,
                  "previewImage": "https://es31-server.appspot.com/six-cities/static/hotel/1.jpg",
                  "price": 393,
                  "rating": 2.7,
                  "title": "Waterfront with extraordinary view",
                  "type": "hotel",
                },
              ],
            }
          }
        />
      </section>
    </div>
  </main>
  <Footer />
</div>
`;
