// Jest Snapshot v1, https://goo.gl/fbAQLP

exports[`Spinner renders component correctly 1`] = `
<div
  className="cssload-container"
>
  <div
    className="cssload-loading"
  >
    <i />
    <i />
  </div>
</div>
`;
