// Jest Snapshot v1, https://goo.gl/fbAQLP

exports[`App renders correctly 1`] = `
<Router
  history={
    Object {
      "action": "POP",
      "block": [Function],
      "createHref": [Function],
      "go": [Function],
      "goBack": [Function],
      "goForward": [Function],
      "length": 1,
      "listen": [Function],
      "location": Object {
        "hash": "",
        "pathname": "/",
        "search": "",
        "state": undefined,
      },
      "push": [Function],
      "replace": [Function],
    }
  }
>
  <Switch>
    <Route
      component={
        Object {
          "$$typeof": Symbol(react.memo),
          "WrappedComponent": [Function],
          "compare": null,
          "displayName": "Connect(MainPage)",
          "type": [Function],
        }
      }
      exact={true}
      path="/"
    />
    <Route
      component={
        Object {
          "$$typeof": Symbol(react.memo),
          "WrappedComponent": [Function],
          "compare": null,
          "displayName": "Connect(WithAuthorization)",
          "type": [Function],
        }
      }
      path="/login"
    />
    <Route
      component={
        Object {
          "$$typeof": Symbol(react.memo),
          "WrappedComponent": [Function],
          "compare": null,
          "displayName": "Connect(FavoritesPage)",
          "type": [Function],
        }
      }
      path="/favorites"
    />
    <Route
      component={
        Object {
          "$$typeof": Symbol(react.memo),
          "WrappedComponent": [Function],
          "compare": null,
          "displayName": "Connect(OfferPage)",
          "type": [Function],
        }
      }
      path="/offer/:id"
    />
  </Switch>
</Router>
`;
