// Jest Snapshot v1, https://goo.gl/fbAQLP

exports[`OfferList correcrly renders 1`] = `
<div
  className="cities__places-list places__list tabs__content"
>
  <article
    className="cities__place-card place-card"
    onMouseOver={[Function]}
  >
    <div
      className="cities__image-wrapper place-card__image-wrapper"
    >
      <a
        href="#"
        onClick={[Function]}
      >
        <img
          alt="Place image"
          className="place-card__image"
          height="200"
          src="img/test-01.jpg"
          width="260"
        />
      </a>
    </div>
    <div
      className="place-card__info"
    >
      <div
        className="place-card__price-wrapper"
      >
        <div
          className="place-card__price"
        >
          <b
            className="place-card__price-value"
          >
            €
            30
          </b>
          <span
            className="place-card__price-text"
          >
            / night
          </span>
        </div>
        <button
          className="place-card__bookmark-button button"
          type="button"
        >
          <svg
            className="place-card__bookmark-icon"
            height="19"
            width="18"
          >
            <use
              xlinkHref="#icon-bookmark"
            />
          </svg>
          <span
            className="visually-hidden"
          >
            To bookmarks
          </span>
        </button>
      </div>
      <div
        className="place-card__rating rating"
      >
        <div
          className="place-card__stars rating__stars"
        >
          <span
            style={
              Object {
                "width": "39%",
              }
            }
          />
          <span
            className="visually-hidden"
          >
            Rating
          </span>
        </div>
      </div>
      <h2
        className="place-card__name"
      >
        <a
          href="#"
          onClick={[Function]}
        >
          Test
        </a>
      </h2>
      <p
        className="place-card__type"
      >
        Test
      </p>
    </div>
  </article>
  <article
    className="cities__place-card place-card"
    onMouseOver={[Function]}
  >
    <div
      className="cities__image-wrapper place-card__image-wrapper"
    >
      <a
        href="#"
        onClick={[Function]}
      >
        <img
          alt="Place image"
          className="place-card__image"
          height="200"
          src="img/test-02.jpg"
          width="260"
        />
      </a>
    </div>
    <div
      className="place-card__info"
    >
      <div
        className="place-card__price-wrapper"
      >
        <div
          className="place-card__price"
        >
          <b
            className="place-card__price-value"
          >
            €
            320
          </b>
          <span
            className="place-card__price-text"
          >
            / night
          </span>
        </div>
        <button
          className="place-card__bookmark-button button"
          type="button"
        >
          <svg
            className="place-card__bookmark-icon"
            height="19"
            width="18"
          >
            <use
              xlinkHref="#icon-bookmark"
            />
          </svg>
          <span
            className="visually-hidden"
          >
            To bookmarks
          </span>
        </button>
      </div>
      <div
        className="place-card__rating rating"
      >
        <div
          className="place-card__stars rating__stars"
        >
          <span
            style={
              Object {
                "width": "89%",
              }
            }
          />
          <span
            className="visually-hidden"
          >
            Rating
          </span>
        </div>
      </div>
      <h2
        className="place-card__name"
      >
        <a
          href="#"
          onClick={[Function]}
        >
          Test
        </a>
      </h2>
      <p
        className="place-card__type"
      >
        Test
      </p>
    </div>
  </article>
  <article
    className="cities__place-card place-card"
    onMouseOver={[Function]}
  >
    <div
      className="place-card__mark"
    >
      <span>
        Premium
      </span>
    </div>
    <div
      className="cities__image-wrapper place-card__image-wrapper"
    >
      <a
        href="#"
        onClick={[Function]}
      >
        <img
          alt="Place image"
          className="place-card__image"
          height="200"
          src="img/test-03.jpg"
          width="260"
        />
      </a>
    </div>
    <div
      className="place-card__info"
    >
      <div
        className="place-card__price-wrapper"
      >
        <div
          className="place-card__price"
        >
          <b
            className="place-card__price-value"
          >
            €
            620
          </b>
          <span
            className="place-card__price-text"
          >
            / night
          </span>
        </div>
        <button
          className="place-card__bookmark-button button"
          type="button"
        >
          <svg
            className="place-card__bookmark-icon"
            height="19"
            width="18"
          >
            <use
              xlinkHref="#icon-bookmark"
            />
          </svg>
          <span
            className="visually-hidden"
          >
            To bookmarks
          </span>
        </button>
      </div>
      <div
        className="place-card__rating rating"
      >
        <div
          className="place-card__stars rating__stars"
        >
          <span
            style={
              Object {
                "width": "100%",
              }
            }
          />
          <span
            className="visually-hidden"
          >
            Rating
          </span>
        </div>
      </div>
      <h2
        className="place-card__name"
      >
        <a
          href="#"
          onClick={[Function]}
        >
          Test
        </a>
      </h2>
      <p
        className="place-card__type"
      >
        Room
      </p>
    </div>
  </article>
</div>
`;
