// Jest Snapshot v1, https://goo.gl/fbAQLP

exports[`BookMark renders component correctly 1`] = `
<button
  className=" button place-card__bookmark-button--active"
  onClick={[MockFunction]}
  type="button"
>
  <svg
    className="place-card__bookmark-icon"
    height={33}
    width={31}
  >
    <use
      xlinkHref="#icon-bookmark"
    />
  </svg>
  <span
    className="visually-hidden"
  >
    In bookmarks
  </span>
</button>
`;
